---
source: near-sdk-macros/src/core_impl/abi/abi_generator.rs
expression: pretty_print_fn_body_syn_str(actual)
---
    ::near_sdk::__private::AbiFunction {
        name: ::std::string::String::from("new"),
        doc: ::std::option::Option::None,
        kind: ::near_sdk::__private::AbiFunctionKind::Call,
        modifiers: ::std::vec![::near_sdk::__private::AbiFunctionModifier::Init],
        params: ::near_sdk::__private::AbiParameters::Json {
            args: ::std::vec![],
        },
        callbacks: ::std::vec![],
        callbacks_vec: ::std::option::Option::None,
        result: ::std::option::Option::None,
    }

