---
source: near-sdk-macros/src/core_impl/code_generator/item_impl_info.rs
expression: pretty_print_syn_str(&actual).unwrap()
---
#[cfg(target_arch = "wasm32")]
#[no_mangle]
pub extern "C" fn method() {
    ::near_sdk::env::setup_panic_hook();
    let contract: Hello = ::near_sdk::env::state_read().unwrap_or_default();
    let result = contract.method();
    match result {
        ::std::result::Result::Ok(result) => {
            let result = ::near_sdk::serde_json::to_vec(&result)
                .expect("Failed to serialize the return value using JSON.");
            ::near_sdk::env::value_return(&result);
        }
        ::std::result::Result::Err(err) => ::near_sdk::FunctionError::panic(&err),
    }
}

