---
source: near-sdk-macros/src/core_impl/code_generator/item_impl_info.rs
expression: pretty_print_syn_str(&actual).unwrap()
---
#[cfg(target_arch = "wasm32")]
#[no_mangle]
pub extern "C" fn method() {
    ::near_sdk::env::setup_panic_hook();
    if ::near_sdk::env::attached_deposit().as_yoctonear() != 0 {
        ::near_sdk::env::panic_str("Method method doesn't accept deposit");
    }
    let mut contract: Hello = ::near_sdk::env::state_read().unwrap_or_default();
    contract.method();
    ::near_sdk::env::state_write(&contract);
}

