---
source: near-sdk-macros/src/core_impl/code_generator/item_impl_info.rs
expression: pretty_print_syn_str(&actual).unwrap()
---
#[cfg(target_arch = "wasm32")]
#[no_mangle]
pub extern "C" fn method() {
    ::near_sdk::env::setup_panic_hook();
    if ::near_sdk::env::attached_deposit().as_yoctonear() != 0 {
        ::near_sdk::env::panic_str("Method method doesn't accept deposit");
    }
    #[derive(::near_sdk::serde::Deserialize)]
    #[serde(crate = "::near_sdk::serde")]
    struct Input {
        k: u64,
    }
    let Input { mut k }: Input = ::near_sdk::serde_json::from_slice(
            &::near_sdk::env::input()
                .expect("Expected input since method has arguments."),
        )
        .expect("Failed to deserialize input from JSON.");
    if ::near_sdk::env::state_exists() {
        ::near_sdk::env::panic_str("The contract has already been initialized");
    }
    let contract = Hello::method(&mut k);
    ::near_sdk::env::state_write(&contract);
}

